#-----------------------------------------------------------
# Vivado v2019.1 (64-bit)
# SW Build 2552052 on Fri May 24 14:49:42 MDT 2019
# IP Build 2548770 on Fri May 24 18:01:18 MDT 2019
# Start of session at: Mon Mar 14 23:34:47 2022
# Process ID: 8760
# Current directory: C:/Users/Cong Syuan Chen/Desktop/2022_SOC_Lab/Lab6and7_2021_yk/lab6/YoloTop_ref/project_1
# Command line: vivado.exe -gui_launcher_event rodinguilauncherevent16072 C:\Users\Cong Syuan Chen\Desktop\2022_SOC_Lab\Lab6and7_2021_yk\lab6\YoloTop_ref\project_1\project_1.xpr
# Log file: C:/Users/Cong Syuan Chen/Desktop/2022_SOC_Lab/Lab6and7_2021_yk/lab6/YoloTop_ref/project_1/vivado.log
# Journal file: C:/Users/Cong Syuan Chen/Desktop/2022_SOC_Lab/Lab6and7_2021_yk/lab6/YoloTop_ref/project_1\vivado.jou
#-----------------------------------------------------------
start_gui
open_project {C:/Users/Cong Syuan Chen/Desktop/2022_SOC_Lab/Lab6and7_2021_yk/lab6/YoloTop_ref/project_1/project_1.xpr}
update_compile_order -fileset sources_1
create_bd_design "design_1"
update_compile_order -fileset sources_1
